DEBUG    selenium.webdriver.common.service:service.py:215 Started executable: `/home/codespace/.cache/selenium/chromedriver/linux64/143.0.7499.42/chromedriver` in a child process with pid: 25994
DEBUG    selenium.webdriver.remote.remote_connection:remote_connection.py:313 POST http://localhost:35121/session {"capabilities": {"firstMatch": [{}], "alwaysMatch": {"browserName": "chrome", "pageLoadStrategy": "normal", "goog:chromeOptions": {"extensions": [], "binary": "/home/codespace/.cache/ms-playwright/chromium-1200/chrome-linux64/chrome-wrapper", "args": ["--headless=new", "--no-sandbox", "--disable-dev-shm-usage", "--disable-gpu", "--single-process", "--disable-web-resources", "--disable-extensions", "--disable-plugins", "--disable-sync", "--disable-breakpad", "--disable-default-apps", "--no-first-run", "--no-service-autorun", "--disable-backgrounding-occluded-windows", "--disable-hang-monitor", "--disable-popup-blocking", "--disable-prompt-on-repost", "--disable-reading-from-canvas", "--disable-renderer-backgrounding", "--disable-device-discovery-notifications", "--disable-features=InterestFeedContentSuggestions", "--metrics-recording-only", "--mute-audio", "--no-default-browser-check", "--disable-background-networking", "--disable-client-side-phishing-detection", "--disable-component-extensions-with-background-pages", "--disable-component-update", "--disable-profile-avatar-menu", "--user-data-dir=/tmp/chrome_user_data"]}}}}
DEBUG    urllib3.connectionpool:connectionpool.py:241 Starting new HTTP connection (1): localhost:35121
DEBUG    urllib3.connectionpool:connectionpool.py:544 http://localhost:35121 "POST /session HTTP/1.1" 500 0
DEBUG    selenium.webdriver.remote.remote_connection:remote_connection.py:329 Remote response: status=500 | data={"value":{"error":"session not created","message":"session not created: Chrome instance exited. Examine ChromeDriver verbose log to determine the cause.","stacktrace":"#0 0x6363a86a319a \u003Cunknown>\n#1 0x6363a8120c4b \u003Cunknown>\n#2 0x6363a815ad1d \u003Cunknown>\n#3 0x6363a81566d3 \u003Cunknown>\n#4 0x6363a81a624c \u003Cunknown>\n#5 0x6363a81a596c \u003Cunknown>\n#6 0x6363a8164c42 \u003Cunknown>\n#7 0x6363a81658f1 \u003Cunknown>\n#8 0x6363a866bf39 \u003Cunknown>\n#9 0x6363a866ee7d \u003Cunknown>\n#10 0x6363a8654c81 \u003Cunknown>\n#11 0x6363a866fa5b \u003Cunknown>\n#12 0x6363a863ba50 \u003Cunknown>\n#13 0x6363a8690aa8 \u003Cunknown>\n#14 0x6363a8690c79 \u003Cunknown>\n#15 0x6363a86a24f3 \u003Cunknown>\n#16 0x720fa9b74aa4 \u003Cunknown>\n#17 0x720fa9c01c6c \u003Cunknown>\n"}} | headers=HTTPHeaderDict({'Content-Length': '791', 'Content-Type': 'application/json; charset=utf-8', 'cache-control': 'no-cache'})
DEBUG    selenium.webdriver.remote.remote_connection:remote_connection.py:356 Finished Request
INFO     WDM:logger.py:11 ====== WebDriver manager ======
INFO     WDM:logger.py:11 Get LATEST geckodriver version for None firefox
DEBUG    urllib3.connectionpool:connectionpool.py:1049 Starting new HTTPS connection (1): api.github.com:443
DEBUG    urllib3.connectionpool:connectionpool.py:544 https://api.github.com:443 "GET /repos/mozilla/geckodriver/releases/latest HTTP/1.1" 403 281
INFO     WDM:logger.py:11 ====== WebDriver manager ======
INFO     WDM:logger.py:11 Get LATEST edgedriver version for Edge None
DEBUG    urllib3.connectionpool:connectionpool.py:1049 Starting new HTTPS connection (1): msedgedriver.azureedge.net:443
